> Task :app:checkKotlinGradlePluginConfigurationErrors SKIPPED
> Task :app:preBuild UP-TO-DATE
> Task :app:preDebugBuild UP-TO-DATE
> Task :app:generateDebugBuildConfig UP-TO-DATE
> Task :app:checkDebugAarMetadata UP-TO-DATE
> Task :app:generateDebugResValues UP-TO-DATE
> Task :app:mapDebugSourceSetPaths UP-TO-DATE
> Task :app:generateDebugResources UP-TO-DATE
> Task :app:mergeDebugResources UP-TO-DATE
> Task :app:packageDebugResources UP-TO-DATE
> Task :app:parseDebugLocalResources UP-TO-DATE
> Task :app:createDebugCompatibleScreenManifests UP-TO-DATE
> Task :app:extractDeepLinksDebug UP-TO-DATE
> Task :app:processDebugMainManifest UP-TO-DATE
> Task :app:processDebugManifest UP-TO-DATE
> Task :app:processDebugManifestForPackage UP-TO-DATE
> Task :app:processDebugResources UP-TO-DATE
> Task :app:kspDebugKotlin UP-TO-DATE

> Task :app:compileDebugKotlin FAILED
e: file:///H:/StudioProjects/ardunakon/app/src/main/java/com/metelci/ardunakon/ui/screens/onboarding/HighlightOverlay.kt:35:53 'when' expression must be exhaustive. Add the 'SERVO_CONTROLS' branch or an 'else' branch.
e: file:///H:/StudioProjects/ardunakon/app/src/main/java/com/metelci/ardunakon/ui/screens/onboarding/HighlightOverlay.kt:271:66 'when' expression must be exhaustive. Add the 'SERVO_CONTROLS' branch or an 'else' branch.
e: file:///H:/StudioProjects/ardunakon/app/src/main/java/com/metelci/ardunakon/ui/screens/onboarding/InterfaceTourScreen.kt:272:12 'when' expression must be exhaustive. Add the 'SERVO_CONTROLS' branch or an 'else' branch.

[Incubating] Problems report is available at: file:///H:/StudioProjects/ardunakon/build/reports/problems/problems-report.html

FAILURE: Build failed with an exception.

* What went wrong:
Execution failed for task ':app:compileDebugKotlin'.
> A failure occurred while executing org.jetbrains.kotlin.compilerRunner.GradleCompilerRunnerWithWorkers$GradleKotlinCompilerWorkAction
   > Compilation error. See log for more details

* Try:
> Run with --stacktrace option to get the stack trace.
> Run with --info or --debug option to get more log output.
> Run with --scan to get full insights.
> Get more help at https://help.gradle.org.

Deprecated Gradle features were used in this build, making it incompatible with Gradle 9.0.

You can use '--warning-mode all' to show the individual deprecation warnings and determine if they come from your own scripts or plugins.

For more on this, please refer to https://docs.gradle.org/8.13/userguide/command_line_interface.html#sec:command_line_warnings in the Gradle documentation.

BUILD FAILED in 4s
16 actionable tasks: 1 executed, 15 up-to-date
