> Task :app:checkKotlinGradlePluginConfigurationErrors SKIPPED
> Task :app:preBuild UP-TO-DATE
> Task :app:preDebugBuild UP-TO-DATE
> Task :app:generateDebugBuildConfig UP-TO-DATE
> Task :app:checkDebugAarMetadata UP-TO-DATE
> Task :app:generateDebugResValues UP-TO-DATE
> Task :app:mapDebugSourceSetPaths UP-TO-DATE
> Task :app:generateDebugResources UP-TO-DATE
> Task :app:mergeDebugResources UP-TO-DATE
> Task :app:packageDebugResources UP-TO-DATE
> Task :app:parseDebugLocalResources UP-TO-DATE
> Task :app:createDebugCompatibleScreenManifests UP-TO-DATE
> Task :app:extractDeepLinksDebug UP-TO-DATE
> Task :app:processDebugMainManifest UP-TO-DATE
> Task :app:processDebugManifest UP-TO-DATE
> Task :app:processDebugManifestForPackage UP-TO-DATE
> Task :app:processDebugResources UP-TO-DATE

> Task :app:compileDebugKotlin FAILED
e: file:///H:/StudioProjects/ardunakon/app/src/main/java/com/metelci/ardunakon/data/WifiEncryptionPreferences.kt:72:50 Argument type mismatch: actual type is 'ByteArray', but 'String' was expected.
e: file:///H:/StudioProjects/ardunakon/app/src/main/java/com/metelci/ardunakon/data/WifiEncryptionPreferences.kt:73:49 Argument type mismatch: actual type is 'String', but 'ByteArray!' was expected.
e: file:///H:/StudioProjects/ardunakon/app/src/main/java/com/metelci/ardunakon/data/WifiEncryptionPreferences.kt:87:9 Return type mismatch: expected 'Nothing?', actual 'String?'.
e: file:///H:/StudioProjects/ardunakon/app/src/main/java/com/metelci/ardunakon/data/WifiEncryptionPreferences.kt:91:34 Argument type mismatch: actual type is 'ByteArray!', but 'String' was expected.

[Incubating] Problems report is available at: file:///H:/StudioProjects/ardunakon/build/reports/problems/problems-report.html

FAILURE: Build failed with an exception.

* What went wrong:
Execution failed for task ':app:compileDebugKotlin'.
> A failure occurred while executing org.jetbrains.kotlin.compilerRunner.GradleCompilerRunnerWithWorkers$GradleKotlinCompilerWorkAction
   > Compilation error. See log for more details

* Try:
> Run with --stacktrace option to get the stack trace.
> Run with --info or --debug option to get more log output.
> Run with --scan to get full insights.
> Get more help at https://help.gradle.org.

Deprecated Gradle features were used in this build, making it incompatible with Gradle 9.0.

You can use '--warning-mode all' to show the individual deprecation warnings and determine if they come from your own scripts or plugins.

For more on this, please refer to https://docs.gradle.org/8.13/userguide/command_line_interface.html#sec:command_line_warnings in the Gradle documentation.

BUILD FAILED in 2s
15 actionable tasks: 1 executed, 14 up-to-date
